// Jest Snapshot v1, https://goo.gl/fbAQLP

exports[`test trace actions should start trace correctly 1`] = `
Array [
  Object {
    "type": "TRACE_START",
  },
  Object {
    "data": Object {
      "remove": [MockFunction],
    },
    "type": "TRACE_SET_SUBSCRIPTION",
  },
  Object {
    "data": Object {
      "latitude": 0,
      "longitude": 0,
      "timestamp": 0,
    },
    "type": "TRACE_POINT_CAPTURED",
  },
  Object {
    "data": Object {
      "latitude": 1,
      "longitude": 1,
      "timestamp": 1,
    },
    "type": "TRACE_POINT_CAPTURED",
  },
  Object {
    "data": Object {
      "latitude": 2,
      "longitude": 2,
      "timestamp": 2,
    },
    "type": "TRACE_POINT_CAPTURED",
  },
  Object {
    "data": Object {
      "latitude": 3,
      "longitude": 3,
      "timestamp": 3,
    },
    "type": "TRACE_POINT_CAPTURED",
  },
]
`;
