// Jest Snapshot v1, https://goo.gl/fbAQLP

exports[`get all retryable edits 1`] = `
Array [
  Object {
    "comment": "Test",
    "errors": Array [],
    "id": "node/observe-vfxnxtmo20j",
    "newFeature": Object {
      "geometry": Object {
        "coordinates": Array [
          -77.02937206507221,
          38.89497324828185,
        ],
        "type": "Point",
      },
      "id": "node/observe-vfxnxtmo20j",
      "properties": Object {
        "building": "yes",
        "icon": "maki_marker",
        "id": "node/observe-vfxnxtmo20j",
        "name": "Test",
        "version": 1,
      },
      "type": "Feature",
    },
    "oldFeature": null,
    "status": "success",
    "timestamp": 1562325975841,
    "type": "create",
  },
  Object {
    "comment": "Test",
    "errors": Array [],
    "id": "node/observe-vfxnxtmo20j",
    "newFeature": Object {
      "geometry": Object {
        "coordinates": Array [
          0,
          0,
        ],
        "type": "Point",
      },
      "id": "node/1",
      "properties": Object {
        "id": "node/1",
      },
      "type": "Feature",
    },
    "oldFeature": null,
    "status": "pending",
    "timestamp": 1562325975841,
    "type": "create",
  },
  Object {
    "comment": "Test",
    "errors": Array [
      Object {
        "code": "UploadNetworkError",
        "extra": "",
        "message": "Network error while uploading changes",
        "retryable": true,
      },
    ],
    "id": "node/observe-vfxnxtmo20j",
    "newFeature": Object {
      "geometry": Object {
        "coordinates": Array [
          0,
          0,
        ],
        "type": "Point",
      },
      "id": "node/1",
      "properties": Object {
        "id": "node/1",
      },
      "type": "Feature",
    },
    "oldFeature": Object {
      "geometry": Object {
        "coordinates": Array [
          0,
          0,
        ],
        "type": "Point",
      },
      "id": "node/1",
      "properties": Object {
        "id": "node/1",
      },
      "type": "Feature",
    },
    "status": "pending",
    "timestamp": 1562325975841,
    "type": "modify",
  },
]
`;
