// Jest Snapshot v1, https://goo.gl/fbAQLP

exports[`get preset by tags 1`] = `
Object {
  "fields": Array [
    "{building}",
  ],
  "geometry": Array [
    "point",
  ],
  "icon": "maki-home",
  "matchScore": 0.6,
  "moreFields": Array [
    "{building}",
  ],
  "name": "Building",
  "searchable": false,
  "tags": Object {
    "building": "*",
  },
}
`;
