// Jest Snapshot v1, https://goo.gl/fbAQLP

exports[`get fields of a feature 1`] = `
Array [
  Object {
    "key": "id",
    "value": Object {
      "properties": Object {
        "building": "house",
        "icon": "maki_marker",
        "id": "node/observe-vfxnxtmo20j",
        "name": "Test",
        "version": 1,
      },
    },
  },
]
`;

exports[`get fields of a feature 2`] = `
Array [
  Object {
    "key": "id",
    "value": undefined,
  },
]
`;
