// Jest Snapshot v1, https://goo.gl/fbAQLP

exports[`get parent preset 1`] = `
Object {
  "fields": Array [
    "name",
    "operator",
    "address",
    "building_area",
    "atm",
    "drive_through",
  ],
  "geometry": Array [
    "point",
    "area",
  ],
  "icon": "maki-bank",
  "moreFields": Array [
    "opening_hours",
    "currency_multi",
    "website",
    "phone",
    "email",
    "fax",
    "wheelchair",
  ],
  "name": "Bank",
  "tags": Object {
    "amenity": "bank",
  },
  "terms": Array [
    "credit union",
    "check",
    "deposit",
    "fund",
    "investment",
    "repository",
    "reserve",
    "safe",
    "savings",
    "stock",
    "treasury",
    "trust",
    "vault",
  ],
}
`;

exports[`get parent preset 2`] = `
Object {
  "fields": Array [
    "name",
    "building",
    "levels",
    "height",
    "address",
  ],
  "geometry": Array [
    "point",
    "area",
  ],
  "icon": "maki-home",
  "matchScore": 0.6,
  "moreFields": Array [
    "architect",
    "building/material",
    "layer",
    "roof/colour",
    "smoking",
    "wheelchair",
  ],
  "name": "Building",
  "tags": Object {
    "building": "*",
  },
  "terms": Array [],
}
`;
