// Jest Snapshot v1, https://goo.gl/fbAQLP

exports[`get preset by tags 1`] = `
Object {
  "fields": Array [
    "name",
    "building",
    "levels",
    "height",
    "address",
  ],
  "geometry": Array [
    "point",
    "area",
  ],
  "icon": "maki-home",
  "matchScore": 0.6,
  "moreFields": Array [
    "architect",
    "building/material",
    "layer",
    "roof/colour",
    "smoking",
    "wheelchair",
  ],
  "name": "Building",
  "tags": Object {
    "building": "*",
  },
  "terms": Array [],
}
`;
