// Jest Snapshot v1, https://goo.gl/fbAQLP

exports[`find nearest features for a node 1`] = `
Object {
  "nearestEdges": Array [
    Object {
      "geometry": Object {
        "coordinates": Array [
          Array [
            77.6143214,
            12.9753821,
          ],
          Array [
            77.6142566,
            12.9754053,
          ],
          Array [
            77.6137338,
            12.9755925,
          ],
          Array [
            77.611306,
            12.9763827,
          ],
          Array [
            77.6094638,
            12.9770112,
          ],
          Array [
            77.6075248,
            12.9776305,
          ],
          Array [
            77.6057791,
            12.9782241,
          ],
          Array [
            77.6035612,
            12.9789376,
          ],
          Array [
            77.601357,
            12.9796442,
          ],
          Array [
            77.5994493,
            12.9802868,
          ],
          Array [
            77.5988019,
            12.9805034,
          ],
          Array [
            77.5975555,
            12.9809361,
          ],
          Array [
            77.5975435,
            12.9809393,
          ],
          Array [
            77.597545,
            12.9809357,
          ],
          Array [
            77.5975244,
            12.9809432,
          ],
          Array [
            77.5974899,
            12.9809469,
          ],
          Array [
            77.5973623,
            12.9807997,
          ],
          Array [
            77.5976263,
            12.9802446,
          ],
          Array [
            77.5989507,
            12.9773956,
          ],
          Array [
            77.5991068,
            12.9769286,
          ],
          Array [
            77.5991776,
            12.976755,
          ],
          Array [
            77.5991831,
            12.97675,
          ],
          Array [
            77.5991792,
            12.9767444,
          ],
          Array [
            77.5991945,
            12.9767244,
          ],
          Array [
            77.5992079,
            12.9766836,
          ],
          Array [
            77.5991969,
            12.9766227,
          ],
          Array [
            77.5984726,
            12.9760877,
          ],
          Array [
            77.5972021,
            12.9751922,
          ],
          Array [
            77.5962857,
            12.974466,
          ],
          Array [
            77.5953794,
            12.9737058,
          ],
          Array [
            77.5951216,
            12.9734982,
          ],
          Array [
            77.5948592,
            12.9731925,
          ],
          Array [
            77.5946283,
            12.9729135,
          ],
          Array [
            77.5941027,
            12.9722172,
          ],
          Array [
            77.5940459,
            12.9720687,
          ],
          Array [
            77.5940028,
            12.9719133,
          ],
          Array [
            77.593994,
            12.9718976,
          ],
          Array [
            77.5939927,
            12.971883,
          ],
          Array [
            77.5940773,
            12.9715275,
          ],
          Array [
            77.5947354,
            12.9687628,
          ],
          Array [
            77.5949832,
            12.9677468,
          ],
          Array [
            77.5949794,
            12.9673849,
          ],
          Array [
            77.5949753,
            12.9669904,
          ],
          Array [
            77.5949753,
            12.9669868,
          ],
          Array [
            77.5949788,
            12.9669689,
          ],
          Array [
            77.5949777,
            12.9669592,
          ],
          Array [
            77.5949854,
            12.9666948,
          ],
          Array [
            77.5950255,
            12.966569,
          ],
          Array [
            77.5951001,
            12.9664294,
          ],
          Array [
            77.5955684,
            12.9656046,
          ],
          Array [
            77.5957488,
            12.9653486,
          ],
          Array [
            77.5959814,
            12.9651125,
          ],
          Array [
            77.5960449,
            12.9650745,
          ],
          Array [
            77.5961599,
            12.9650056,
          ],
          Array [
            77.5963355,
            12.9649463,
          ],
          Array [
            77.5965046,
            12.9649175,
          ],
          Array [
            77.5966842,
            12.9649157,
          ],
          Array [
            77.5967708,
            12.9648817,
          ],
          Array [
            77.5967723,
            12.964864,
          ],
          Array [
            77.5967875,
            12.9646794,
          ],
          Array [
            77.5967957,
            12.9645797,
          ],
          Array [
            77.5967932,
            12.9645751,
          ],
          Array [
            77.5964924,
            12.9639997,
          ],
          Array [
            77.5964317,
            12.9638836,
          ],
          Array [
            77.5964279,
            12.9638609,
          ],
          Array [
            77.5962632,
            12.9636389,
          ],
          Array [
            77.5960707,
            12.9633968,
          ],
          Array [
            77.595882,
            12.9631988,
          ],
          Array [
            77.5955335,
            12.962904,
          ],
          Array [
            77.5952927,
            12.9626794,
          ],
          Array [
            77.5950626,
            12.962527,
          ],
          Array [
            77.5950089,
            12.9624915,
          ],
        ],
        "type": "LineString",
      },
      "id": "way/550598154",
      "properties": Object {
        "admin_level": "10",
        "boundary": "administrative",
        "changeset": "55153328",
        "id": "way/550598154",
        "timestamp": "2018-01-04T10:28:23Z",
        "uid": "439726",
        "user": "chandusekharreddy",
        "version": "3",
      },
      "type": "Feature",
    },
  ],
  "nearestNodes": Array [],
}
`;
