// Jest Snapshot v1, https://goo.gl/fbAQLP

exports[`test properties diff should return a properties diff correctly 1`] = `
Object {
  "addr:city": Object {
    "unchanged": "Seattle",
  },
  "addr:state": Object {
    "added": "WA",
  },
  "amenity": Object {
    "deleted": "park",
  },
  "building": Object {
    "modifiedNew": "residential",
    "modifiedOld": "yes",
  },
}
`;
