// Jest Snapshot v1, https://goo.gl/fbAQLP

exports[`add and get nodes from the cache 1`] = `
Object {
  "node/8548730": Object {
    "lat": "38.9005771",
  },
  "node/8548853": Object {
    "lat": "38.8998216",
  },
  "node/8548854": Object {
    "lat": "38.8998216",
  },
  "node/8548856": Object {
    "lat": "38.9008903",
  },
  "node/8548857": Object {
    "lat": "38.9021135",
  },
  "node/8548858": Object {
    "lat": "38.9021135",
  },
  "node/8548859": Object {
    "lat": "38.9028942",
  },
}
`;
